✅ 環境變數驗證通過
✅ Connected to MongoDB
node : [ERROR] [LINE] Reply failed {
At line:1 char:1
+ node -r dotenv/config -e "const { db } = require('./utils/db'); const ...
+ ~~~~~~~~~~~~~~~~~~~~~~~~~~~~~~~~~~~~~~~~~~~~~~~~~~~~~~~~~~~~~~~~~~~~~
    + CategoryInfo          : NotSpecified: ([ERROR] [LINE] Reply failed {:String) [], RemoteException
    + FullyQualifiedErrorId : NativeCommandError
 
  message: 'Request failed with status code 400',
  stack: 'AxiosError: Request failed with status code 400\n' +
    '    at settle (C:\\Users\\USER\\.gemini\\antigravity\\scratch\\lineBot\\node_modules\\axios\\dist\\node\\axios.cjs
:2106:12)\n' +
    '    at IncomingMessage.handleStreamEnd (C:\\Users\\USER\\.gemini\\antigravity\\scratch\\lineBot\\node_modules\\axi
os\\dist\\node\\axios.cjs:3491:11)\n' +
    '    at IncomingMessage.emit (node:events:520:35)\n' +
    '    at endReadableNT (node:internal/streams/readable:1701:12)\n' +
    '    at process.processTicksAndRejections (node:internal/process/task_queues:89:21)\n' +
    '    at Axios.request (C:\\Users\\USER\\.gemini\\antigravity\\scratch\\lineBot\\node_modules\\axios\\dist\\node\\ax
ios.cjs:4731:41)\n' +
    '    at process.processTicksAndRejections (node:internal/process/task_queues:103:5)\n' +
    '    at async replyToLine (C:\\Users\\USER\\.gemini\\antigravity\\scratch\\lineBot\\utils\\line.js:75:9)\n' +
    '    at async Object.replyText (C:\\Users\\USER\\.gemini\\antigravity\\scratch\\lineBot\\utils\\line.js:99:5)\n' +
    '    at async processBetAmount (C:\\Users\\USER\\.gemini\\antigravity\\scratch\\lineBot\\handlers\\worldcup.js:444:
13)',
  apiError: { message: 'Invalid reply token' }
}
[LINE API Error Details]: Invalid reply token
[WorldCup] processBetAmount Error: AxiosError: Request failed with status code 400
    at settle (C:\Users\USER\.gemini\antigravity\scratch\lineBot\node_modules\axios\dist\node\axios.cjs:2106:12)
    at IncomingMessage.handleStreamEnd (C:\Users\USER\.gemini\antigravity\scratch\lineBot\node_modules\axios\dist\node\
axios.cjs:3491:11)
    at IncomingMessage.emit (node:events:520:35)
    at endReadableNT (node:internal/streams/readable:1701:12)
    at process.processTicksAndRejections (node:internal/process/task_queues:89:21)
    at Axios.request (C:\Users\USER\.gemini\antigravity\scratch\lineBot\node_modules\axios\dist\node\axios.cjs:4731:41)
    at process.processTicksAndRejections (node:internal/process/task_queues:103:5)
    at async replyToLine (C:\Users\USER\.gemini\antigravity\scratch\lineBot\utils\line.js:75:9)
    at async Object.replyText (C:\Users\USER\.gemini\antigravity\scratch\lineBot\utils\line.js:99:5)
    at async processBetAmount (C:\Users\USER\.gemini\antigravity\scratch\lineBot\handlers\worldcup.js:444:13) {
  code: 'ERR_BAD_REQUEST',
  config: {
    transitional: {
      silentJSONParsing: true,
      forcedJSONParsing: true,
      clarifyTimeoutError: false
    },
    adapter: [ 'xhr', 'http', 'fetch' ],
    transformRequest: [ [Function: transformRequest] ],
    transformResponse: [ [Function: transformResponse] ],
    timeout: 0,
    xsrfCookieName: 'XSRF-TOKEN',
    xsrfHeaderName: 'X-XSRF-TOKEN',
    maxContentLength: -1,
    maxBodyLength: -1,
    env: { FormData: [Function], Blob: [class Blob] },
    validateStatus: [Function: validateStatus],
    headers: Object [AxiosHeaders] {
      Accept: 'application/json, text/plain, */*',
      'Content-Type': 'application/json',
      Authorization: 'Bearer isWABuIco+qKAkTcEIyqjGGiALM0vHIJs9m4m2GbMgBFnG/YohDCHOKWrXnKpl5d6vHJyqJum4yPwmIIMgmTwsjtyI
Wd7lWZkjOk7+zlVDsX26SiOe3zkG9rt1jVgc3JrrhwwV736teCjVb14k8zgwdB04t89/1O/w1cDnyilFU=',
      'User-Agent': 'axios/1.13.2',
      'Content-Length': '122',
      'Accept-Encoding': 'gzip, compress, deflate, br'
    },
    method: 'post',
    url: 'https://api.line.me/v2/bot/message/reply',
    data: '{"replyToken":"dummy_token","messages":[{"type":"text","text":"❌ 這場比賽已經停止押注，扣款已取消！"}]}',
    allowAbsoluteUrls: true
  },
  request: <ref *1> ClientRequest {
    _events: [Object: null prototype] {
      abort: [Function (anonymous)],
      aborted: [Function (anonymous)],
      connect: [Function (anonymous)],
      error: [Function (anonymous)],
      socket: [Function (anonymous)],
      timeout: [Function (anonymous)],
      finish: [Function: requestOnFinish]
    },
    _eventsCount: 7,
    _maxListeners: undefined,
    outputData: [],
    outputSize: 0,
    writable: true,
    destroyed: false,
    _last: false,
    chunkedEncoding: false,
    shouldKeepAlive: false,
    maxRequestsOnConnectionReached: false,
    _defaultKeepAlive: true,
    useChunkedEncodingByDefault: true,
    sendDate: false,
    _removedConnection: false,
    _removedContLen: false,
    _removedTE: false,
    strictContentLength: false,
    _contentLength: 122,
    _hasBody: true,
    _trailer: '',
    finished: true,
    _headerSent: true,
    _closed: false,
    _header: 'POST /v2/bot/message/reply HTTP/1.1\r\n' +
      'Accept: application/json, text/plain, */*\r\n' +
      'Content-Type: application/json\r\n' +
      'Authorization: Bearer isWABuIco+qKAkTcEIyqjGGiALM0vHIJs9m4m2GbMgBFnG/YohDCHOKWrXnKpl5d6vHJyqJum4yPwmIIMgmTwsjtyI
Wd7lWZkjOk7+zlVDsX26SiOe3zkG9rt1jVgc3JrrhwwV736teCjVb14k8zgwdB04t89/1O/w1cDnyilFU=\r\n' +
      'User-Agent: axios/1.13.2\r\n' +
      'Content-Length: 122\r\n' +
      'Accept-Encoding: gzip, compress, deflate, br\r\n' +
      'Host: api.line.me\r\n' +
      'Connection: keep-alive\r\n' +
      '\r\n',
    _keepAliveTimeout: 0,
    _onPendingData: [Function: nop],
    agent: Agent {
      _events: [Object: null prototype],
      _eventsCount: 2,
      _maxListeners: undefined,
      options: [Object: null prototype],
      defaultPort: 443,
      protocol: 'https:',
      requests: [Object: null prototype] {},
      sockets: [Object: null prototype],
      freeSockets: [Object: null prototype] {},
      keepAliveMsecs: 1000,
      keepAlive: true,
      maxSockets: Infinity,
      maxFreeSockets: 256,
      scheduling: 'lifo',
      maxTotalSockets: Infinity,
      totalSocketCount: 1,
      agentKeepAliveTimeoutBuffer: 1000,
      maxCachedSessions: 100,
      _sessionCache: [Object],
      Symbol(shapeMode): false,
      Symbol(kCapture): false
    },
    socketPath: undefined,
    method: 'POST',
    maxHeaderSize: undefined,
    insecureHTTPParser: undefined,
    joinDuplicateHeaders: undefined,
    path: '/v2/bot/message/reply',
    _ended: true,
    res: IncomingMessage {
      _events: [Object],
      _readableState: [ReadableState],
      _maxListeners: undefined,
      socket: [TLSSocket],
      httpVersionMajor: 1,
      httpVersionMinor: 1,
      httpVersion: '1.1',
      complete: true,
      rawHeaders: [Array],
      rawTrailers: [],
      joinDuplicateHeaders: undefined,
      aborted: false,
      upgrade: false,
      url: '',
      method: null,
      statusCode: 400,
      statusMessage: 'Bad Request',
      client: [TLSSocket],
      _consuming: false,
      _dumped: false,
      req: [Circular *1],
      _eventsCount: 4,
      responseUrl: 'https://api.line.me/v2/bot/message/reply',
      redirects: [],
      Symbol(shapeMode): true,
      Symbol(kCapture): false,
      Symbol(kHeaders): [Object],
      Symbol(kHeadersCount): 24,
      Symbol(kTrailers): null,
      Symbol(kTrailersCount): 0
    },
    aborted: false,
    timeoutCb: [Function: emitRequestTimeout],
    upgradeOrConnect: false,
    parser: null,
    maxHeadersCount: null,
    reusedSocket: false,
    host: 'api.line.me',
    protocol: 'https:',
    _redirectable: Writable {
      _events: [Object],
      _writableState: [WritableState],
      _maxListeners: undefined,
      _options: [Object],
      _ended: true,
      _ending: true,
      _redirectCount: 0,
      _redirects: [],
      _requestBodyLength: 122,
      _requestBodyBuffers: [],
      _eventsCount: 3,
      _onNativeResponse: [Function (anonymous)],
      _currentRequest: [Circular *1],
      _currentUrl: 'https://api.line.me/v2/bot/message/reply',
      _timeout: null,
      Symbol(shapeMode): true,
      Symbol(kCapture): false
    },
    Symbol(shapeMode): false,
    Symbol(kCapture): false,
    Symbol(kBytesWritten): 0,
    Symbol(kNeedDrain): false,
    Symbol(corked): 0,
    Symbol(kChunkedBuffer): [],
    Symbol(kChunkedLength): 0,
    Symbol(kSocket): TLSSocket {
      _tlsOptions: [Object],
      _secureEstablished: true,
      _securePending: false,
      _newSessionPending: false,
      _controlReleased: true,
      secureConnecting: false,
      _SNICallback: null,
      servername: 'api.line.me',
      alpnProtocol: false,
      authorized: true,
      authorizationError: null,
      encrypted: true,
      _events: [Object: null prototype],
      _eventsCount: 10,
      connecting: false,
      _hadError: false,
      _parent: null,
      _host: 'api.line.me',
      _closeAfterHandlingError: false,
      _readableState: [ReadableState],
      _writableState: [WritableState],
      allowHalfOpen: false,
      _maxListeners: undefined,
      _sockname: null,
      _pendingData: null,
      _pendingEncoding: '',
      server: undefined,
      _server: null,
      ssl: [TLSWrap],
      _requestCert: true,
      _rejectUnauthorized: true,
      timeout: 0,
      parser: null,
      _httpMessage: [Circular *1],
      Symbol(alpncallback): null,
      Symbol(res): [TLSWrap],
      Symbol(verified): true,
      Symbol(pendingSession): null,
      Symbol(async_id_symbol): 76,
      Symbol(kHandle): [TLSWrap],
      Symbol(lastWriteQueueSize): 0,
      Symbol(timeout): Timeout {
        _idleTimeout: -1,
        _idlePrev: null,
        _idleNext: null,
        _idleStart: 437,
        _onTimeout: null,
        _timerArgs: undefined,
        _repeat: null,
        _destroyed: true,
        Symbol(refed): false,
        Symbol(kHasPrimitive): false,
        Symbol(asyncId): 78,
        Symbol(triggerId): 0,
        Symbol(kAsyncContextFrame): undefined
      },
      Symbol(kBuffer): null,
      Symbol(kBufferCb): null,
      Symbol(kBufferGen): null,
      Symbol(shapeMode): true,
      Symbol(kCapture): false,
      Symbol(kSetNoDelay): false,
      Symbol(kSetKeepAlive): true,
      Symbol(kSetKeepAliveInitialDelay): 60,
      Symbol(kBytesRead): 0,
      Symbol(kBytesWritten): 0,
      Symbol(connect-options): [Object]
    },
    Symbol(kOutHeaders): [Object: null prototype] {
      accept: [Array],
      'content-type': [Array],
      authorization: [Array],
      'user-agent': [Array],
      'content-length': [Array],
      'accept-encoding': [Array],
      host: [Array]
    },
    Symbol(errored): null,
    Symbol(kHighWaterMark): 16384,
    Symbol(kRejectNonStandardBodyWrites): false,
    Symbol(kUniqueHeaders): null
  },
  response: {
    status: 400,
    statusText: 'Bad Request',
    headers: Object [AxiosHeaders] {
      server: 'legy',
      'content-type': 'application/json',
      'x-content-type-options': 'nosniff',
      'x-frame-options': 'DENY',
      'x-line-request-id': '701d7e5d-d640-41d3-a9fb-176872853127',
      'x-xss-protection': '1; mode=block',
      'content-length': '33',
      expires: 'Sat, 13 Jun 2026 08:38:35 GMT',
      'cache-control': 'max-age=0, no-cache, no-store',
      pragma: 'no-cache',
      date: 'Sat, 13 Jun 2026 08:38:35 GMT',
      connection: 'close'
    },
    config: {
      transitional: [Object],
      adapter: [Array],
      transformRequest: [Array],
      transformResponse: [Array],
      timeout: 0,
      xsrfCookieName: 'XSRF-TOKEN',
      xsrfHeaderName: 'X-XSRF-TOKEN',
      maxContentLength: -1,
      maxBodyLength: -1,
      env: [Object],
      validateStatus: [Function: validateStatus],
      headers: [Object [AxiosHeaders]],
      method: 'post',
      url: 'https://api.line.me/v2/bot/message/reply',
      data: '{"replyToken":"dummy_token","messages":[{"type":"text","text":"❌ 這場比賽已經停止押注，扣款已取消！"}]}',
      allowAbsoluteUrls: true
    },
    request: <ref *1> ClientRequest {
      _events: [Object: null prototype],
      _eventsCount: 7,
      _maxListeners: undefined,
      outputData: [],
      outputSize: 0,
      writable: true,
      destroyed: false,
      _last: false,
      chunkedEncoding: false,
      shouldKeepAlive: false,
      maxRequestsOnConnectionReached: false,
      _defaultKeepAlive: true,
      useChunkedEncodingByDefault: true,
      sendDate: false,
      _removedConnection: false,
      _removedContLen: false,
      _removedTE: false,
      strictContentLength: false,
      _contentLength: 122,
      _hasBody: true,
      _trailer: '',
      finished: true,
      _headerSent: true,
      _closed: false,
      _header: 'POST /v2/bot/message/reply HTTP/1.1\r\n' +
        'Accept: application/json, text/plain, */*\r\n' +
        'Content-Type: application/json\r\n' +
        'Authorization: Bearer isWABuIco+qKAkTcEIyqjGGiALM0vHIJs9m4m2GbMgBFnG/YohDCHOKWrXnKpl5d6vHJyqJum4yPwmIIMgmTwsjt
yIWd7lWZkjOk7+zlVDsX26SiOe3zkG9rt1jVgc3JrrhwwV736teCjVb14k8zgwdB04t89/1O/w1cDnyilFU=\r\n' +
        'User-Agent: axios/1.13.2\r\n' +
        'Content-Length: 122\r\n' +
        'Accept-Encoding: gzip, compress, deflate, br\r\n' +
        'Host: api.line.me\r\n' +
        'Connection: keep-alive\r\n' +
        '\r\n',
      _keepAliveTimeout: 0,
      _onPendingData: [Function: nop],
      agent: [Agent],
      socketPath: undefined,
      method: 'POST',
      maxHeaderSize: undefined,
      insecureHTTPParser: undefined,
      joinDuplicateHeaders: undefined,
      path: '/v2/bot/message/reply',
      _ended: true,
      res: [IncomingMessage],
      aborted: false,
      timeoutCb: [Function: emitRequestTimeout],
      upgradeOrConnect: false,
      parser: null,
      maxHeadersCount: null,
      reusedSocket: false,
      host: 'api.line.me',
      protocol: 'https:',
      _redirectable: [Writable],
      Symbol(shapeMode): false,
      Symbol(kCapture): false,
      Symbol(kBytesWritten): 0,
      Symbol(kNeedDrain): false,
      Symbol(corked): 0,
      Symbol(kChunkedBuffer): [],
      Symbol(kChunkedLength): 0,
      Symbol(kSocket): [TLSSocket],
      Symbol(kOutHeaders): [Object: null prototype],
      Symbol(errored): null,
      Symbol(kHighWaterMark): 16384,
      Symbol(kRejectNonStandardBodyWrites): false,
      Symbol(kUniqueHeaders): null
    },
    data: { message: 'Invalid reply token' }
  },
  status: 400
}
[ERROR] [LINE] Reply failed {
  message: 'Request failed with status code 400',
  stack: 'AxiosError: Request failed with status code 400\n' +
    '    at settle (C:\\Users\\USER\\.gemini\\antigravity\\scratch\\lineBot\\node_modules\\axios\\dist\\node\\axios.cjs
:2106:12)\n' +
    '    at IncomingMessage.handleStreamEnd (C:\\Users\\USER\\.gemini\\antigravity\\scratch\\lineBot\\node_modules\\axi
os\\dist\\node\\axios.cjs:3491:11)\n' +
    '    at IncomingMessage.emit (node:events:520:35)\n' +
    '    at endReadableNT (node:internal/streams/readable:1701:12)\n' +
    '    at process.processTicksAndRejections (node:internal/process/task_queues:89:21)\n' +
    '    at Axios.request (C:\\Users\\USER\\.gemini\\antigravity\\scratch\\lineBot\\node_modules\\axios\\dist\\node\\ax
ios.cjs:4731:41)\n' +
    '    at process.processTicksAndRejections (node:internal/process/task_queues:103:5)\n' +
    '    at async replyToLine (C:\\Users\\USER\\.gemini\\antigravity\\scratch\\lineBot\\utils\\line.js:75:9)\n' +
    '    at async Object.replyText (C:\\Users\\USER\\.gemini\\antigravity\\scratch\\lineBot\\utils\\line.js:99:5)\n' +
    '    at async processBetAmount (C:\\Users\\USER\\.gemini\\antigravity\\scratch\\lineBot\\handlers\\worldcup.js:552:
9)',
  apiError: { message: 'Invalid reply token' }
}
[LINE API Error Details]: Invalid reply token
AxiosError: Request failed with status code 400
    at settle (C:\Users\USER\.gemini\antigravity\scratch\lineBot\node_modules\axios\dist\node\axios.cjs:2106:12)
    at IncomingMessage.handleStreamEnd (C:\Users\USER\.gemini\antigravity\scratch\lineBot\node_modules\axios\dist\node\
axios.cjs:3491:11)
    at IncomingMessage.emit (node:events:520:35)
    at endReadableNT (node:internal/streams/readable:1701:12)
    at process.processTicksAndRejections (node:internal/process/task_queues:89:21)
    at Axios.request (C:\Users\USER\.gemini\antigravity\scratch\lineBot\node_modules\axios\dist\node\axios.cjs:4731:41)
    at process.processTicksAndRejections (node:internal/process/task_queues:103:5)
    at async replyToLine (C:\Users\USER\.gemini\antigravity\scratch\lineBot\utils\line.js:75:9)
    at async Object.replyText (C:\Users\USER\.gemini\antigravity\scratch\lineBot\utils\line.js:99:5)
    at async processBetAmount (C:\Users\USER\.gemini\antigravity\scratch\lineBot\handlers\worldcup.js:552:9) {
  code: 'ERR_BAD_REQUEST',
  config: {
    transitional: {
      silentJSONParsing: true,
      forcedJSONParsing: true,
      clarifyTimeoutError: false
    },
    adapter: [ 'xhr', 'http', 'fetch' ],
    transformRequest: [ [Function: transformRequest] ],
    transformResponse: [ [Function: transformResponse] ],
    timeout: 0,
    xsrfCookieName: 'XSRF-TOKEN',
    xsrfHeaderName: 'X-XSRF-TOKEN',
    maxContentLength: -1,
    maxBodyLength: -1,
    env: { FormData: [Function], Blob: [class Blob] },
    validateStatus: [Function: validateStatus],
    headers: Object [AxiosHeaders] {
      Accept: 'application/json, text/plain, */*',
      'Content-Type': 'application/json',
      Authorization: 'Bearer isWABuIco+qKAkTcEIyqjGGiALM0vHIJs9m4m2GbMgBFnG/YohDCHOKWrXnKpl5d6vHJyqJum4yPwmIIMgmTwsjtyI
Wd7lWZkjOk7+zlVDsX26SiOe3zkG9rt1jVgc3JrrhwwV736teCjVb14k8zgwdB04t89/1O/w1cDnyilFU=',
      'User-Agent': 'axios/1.13.2',
      'Content-Length': '101',
      'Accept-Encoding': 'gzip, compress, deflate, br'
    },
    method: 'post',
    url: 'https://api.line.me/v2/bot/message/reply',
    data: '{"replyToken":"dummy_token","messages":[{"type":"text","text":"❌ 系統錯誤，押注失敗。"}]}',
    allowAbsoluteUrls: true
  },
  request: <ref *1> ClientRequest {
    _events: [Object: null prototype] {
      abort: [Function (anonymous)],
      aborted: [Function (anonymous)],
      connect: [Function (anonymous)],
      error: [Function (anonymous)],
      socket: [Function (anonymous)],
      timeout: [Function (anonymous)],
      finish: [Function: requestOnFinish]
    },
    _eventsCount: 7,
    _maxListeners: undefined,
    outputData: [],
    outputSize: 0,
    writable: true,
    destroyed: false,
    _last: false,
    chunkedEncoding: false,
    shouldKeepAlive: false,
    maxRequestsOnConnectionReached: false,
    _defaultKeepAlive: true,
    useChunkedEncodingByDefault: true,
    sendDate: false,
    _removedConnection: false,
    _removedContLen: false,
    _removedTE: false,
    strictContentLength: false,
    _contentLength: 101,
    _hasBody: true,
    _trailer: '',
    finished: true,
    _headerSent: true,
    _closed: false,
    _header: 'POST /v2/bot/message/reply HTTP/1.1\r\n' +
      'Accept: application/json, text/plain, */*\r\n' +
      'Content-Type: application/json\r\n' +
      'Authorization: Bearer isWABuIco+qKAkTcEIyqjGGiALM0vHIJs9m4m2GbMgBFnG/YohDCHOKWrXnKpl5d6vHJyqJum4yPwmIIMgmTwsjtyI
Wd7lWZkjOk7+zlVDsX26SiOe3zkG9rt1jVgc3JrrhwwV736teCjVb14k8zgwdB04t89/1O/w1cDnyilFU=\r\n' +
      'User-Agent: axios/1.13.2\r\n' +
      'Content-Length: 101\r\n' +
      'Accept-Encoding: gzip, compress, deflate, br\r\n' +
      'Host: api.line.me\r\n' +
      'Connection: keep-alive\r\n' +
      '\r\n',
    _keepAliveTimeout: 0,
    _onPendingData: [Function: nop],
    agent: Agent {
      _events: [Object: null prototype],
      _eventsCount: 2,
      _maxListeners: undefined,
      options: [Object: null prototype],
      defaultPort: 443,
      protocol: 'https:',
      requests: [Object: null prototype] {},
      sockets: [Object: null prototype],
      freeSockets: [Object: null prototype] {},
      keepAliveMsecs: 1000,
      keepAlive: true,
      maxSockets: Infinity,
      maxFreeSockets: 256,
      scheduling: 'lifo',
      maxTotalSockets: Infinity,
      totalSocketCount: 1,
      agentKeepAliveTimeoutBuffer: 1000,
      maxCachedSessions: 100,
      _sessionCache: [Object],
      Symbol(shapeMode): false,
      Symbol(kCapture): false
    },
    socketPath: undefined,
    method: 'POST',
    maxHeaderSize: undefined,
    insecureHTTPParser: undefined,
    joinDuplicateHeaders: undefined,
    path: '/v2/bot/message/reply',
    _ended: true,
    res: IncomingMessage {
      _events: [Object],
      _readableState: [ReadableState],
      _maxListeners: undefined,
      socket: [TLSSocket],
      httpVersionMajor: 1,
      httpVersionMinor: 1,
      httpVersion: '1.1',
      complete: true,
      rawHeaders: [Array],
      rawTrailers: [],
      joinDuplicateHeaders: undefined,
      aborted: false,
      upgrade: false,
      url: '',
      method: null,
      statusCode: 400,
      statusMessage: 'Bad Request',
      client: [TLSSocket],
      _consuming: false,
      _dumped: false,
      req: [Circular *1],
      _eventsCount: 4,
      responseUrl: 'https://api.line.me/v2/bot/message/reply',
      redirects: [],
      Symbol(shapeMode): true,
      Symbol(kCapture): false,
      Symbol(kHeaders): [Object],
      Symbol(kHeadersCount): 24,
      Symbol(kTrailers): null,
      Symbol(kTrailersCount): 0
    },
    aborted: false,
    timeoutCb: [Function: emitRequestTimeout],
    upgradeOrConnect: false,
    parser: null,
    maxHeadersCount: null,
    reusedSocket: false,
    host: 'api.line.me',
    protocol: 'https:',
    _redirectable: Writable {
      _events: [Object],
      _writableState: [WritableState],
      _maxListeners: undefined,
      _options: [Object],
      _ended: true,
      _ending: true,
      _redirectCount: 0,
      _redirects: [],
      _requestBodyLength: 101,
      _requestBodyBuffers: [],
      _eventsCount: 3,
      _onNativeResponse: [Function (anonymous)],
      _currentRequest: [Circular *1],
      _currentUrl: 'https://api.line.me/v2/bot/message/reply',
      _timeout: null,
      Symbol(shapeMode): true,
      Symbol(kCapture): false
    },
    Symbol(shapeMode): false,
    Symbol(kCapture): false,
    Symbol(kBytesWritten): 0,
    Symbol(kNeedDrain): false,
    Symbol(corked): 0,
    Symbol(kChunkedBuffer): [],
    Symbol(kChunkedLength): 0,
    Symbol(kSocket): TLSSocket {
      _tlsOptions: [Object],
      _secureEstablished: true,
      _securePending: false,
      _newSessionPending: false,
      _controlReleased: true,
      secureConnecting: false,
      _SNICallback: null,
      servername: 'api.line.me',
      alpnProtocol: false,
      authorized: true,
      authorizationError: null,
      encrypted: true,
      _events: [Object: null prototype],
      _eventsCount: 10,
      connecting: false,
      _hadError: false,
      _parent: null,
      _host: 'api.line.me',
      _closeAfterHandlingError: false,
      _readableState: [ReadableState],
      _writableState: [WritableState],
      allowHalfOpen: false,
      _maxListeners: undefined,
      _sockname: null,
      _pendingData: null,
      _pendingEncoding: '',
      server: undefined,
      _server: null,
      ssl: [TLSWrap],
      _requestCert: true,
      _rejectUnauthorized: true,
      timeout: 0,
      parser: null,
      _httpMessage: [Circular *1],
      Symbol(alpncallback): null,
      Symbol(res): [TLSWrap],
      Symbol(verified): true,
      Symbol(pendingSession): null,
      Symbol(async_id_symbol): 109,
      Symbol(kHandle): [TLSWrap],
      Symbol(lastWriteQueueSize): 0,
      Symbol(timeout): Timeout {
        _idleTimeout: -1,
        _idlePrev: null,
        _idleNext: null,
        _idleStart: 664,
        _onTimeout: null,
        _timerArgs: undefined,
        _repeat: null,
        _destroyed: true,
        Symbol(refed): false,
        Symbol(kHasPrimitive): false,
        Symbol(asyncId): 111,
        Symbol(triggerId): 0,
        Symbol(kAsyncContextFrame): undefined
      },
      Symbol(kBuffer): null,
      Symbol(kBufferCb): null,
      Symbol(kBufferGen): null,
      Symbol(shapeMode): true,
      Symbol(kCapture): false,
      Symbol(kSetNoDelay): false,
      Symbol(kSetKeepAlive): true,
      Symbol(kSetKeepAliveInitialDelay): 60,
      Symbol(kBytesRead): 0,
      Symbol(kBytesWritten): 0,
      Symbol(connect-options): [Object]
    },
    Symbol(kOutHeaders): [Object: null prototype] {
      accept: [Array],
      'content-type': [Array],
      authorization: [Array],
      'user-agent': [Array],
      'content-length': [Array],
      'accept-encoding': [Array],
      host: [Array]
    },
    Symbol(errored): null,
    Symbol(kHighWaterMark): 16384,
    Symbol(kRejectNonStandardBodyWrites): false,
    Symbol(kUniqueHeaders): null
  },
  response: {
    status: 400,
    statusText: 'Bad Request',
    headers: Object [AxiosHeaders] {
      server: 'legy',
      'content-type': 'application/json',
      'x-content-type-options': 'nosniff',
      'x-frame-options': 'DENY',
      'x-line-request-id': '4bcffb45-bde5-4107-aeb7-4e6260147f6d',
      'x-xss-protection': '1; mode=block',
      'content-length': '33',
      expires: 'Sat, 13 Jun 2026 08:38:35 GMT',
      'cache-control': 'max-age=0, no-cache, no-store',
      pragma: 'no-cache',
      date: 'Sat, 13 Jun 2026 08:38:35 GMT',
      connection: 'close'
    },
    config: {
      transitional: [Object],
      adapter: [Array],
      transformRequest: [Array],
      transformResponse: [Array],
      timeout: 0,
      xsrfCookieName: 'XSRF-TOKEN',
      xsrfHeaderName: 'X-XSRF-TOKEN',
      maxContentLength: -1,
      maxBodyLength: -1,
      env: [Object],
      validateStatus: [Function: validateStatus],
      headers: [Object [AxiosHeaders]],
      method: 'post',
      url: 'https://api.line.me/v2/bot/message/reply',
      data: '{"replyToken":"dummy_token","messages":[{"type":"text","text":"❌ 系統錯誤，押注失敗。"}]}',
      allowAbsoluteUrls: true
    },
    request: <ref *1> ClientRequest {
      _events: [Object: null prototype],
      _eventsCount: 7,
      _maxListeners: undefined,
      outputData: [],
      outputSize: 0,
      writable: true,
      destroyed: false,
      _last: false,
      chunkedEncoding: false,
      shouldKeepAlive: false,
      maxRequestsOnConnectionReached: false,
      _defaultKeepAlive: true,
      useChunkedEncodingByDefault: true,
      sendDate: false,
      _removedConnection: false,
      _removedContLen: false,
      _removedTE: false,
      strictContentLength: false,
      _contentLength: 101,
      _hasBody: true,
      _trailer: '',
      finished: true,
      _headerSent: true,
      _closed: false,
      _header: 'POST /v2/bot/message/reply HTTP/1.1\r\n' +
        'Accept: application/json, text/plain, */*\r\n' +
        'Content-Type: application/json\r\n' +
        'Authorization: Bearer isWABuIco+qKAkTcEIyqjGGiALM0vHIJs9m4m2GbMgBFnG/YohDCHOKWrXnKpl5d6vHJyqJum4yPwmIIMgmTwsjt
yIWd7lWZkjOk7+zlVDsX26SiOe3zkG9rt1jVgc3JrrhwwV736teCjVb14k8zgwdB04t89/1O/w1cDnyilFU=\r\n' +
        'User-Agent: axios/1.13.2\r\n' +
        'Content-Length: 101\r\n' +
        'Accept-Encoding: gzip, compress, deflate, br\r\n' +
        'Host: api.line.me\r\n' +
        'Connection: keep-alive\r\n' +
        '\r\n',
      _keepAliveTimeout: 0,
      _onPendingData: [Function: nop],
      agent: [Agent],
      socketPath: undefined,
      method: 'POST',
      maxHeaderSize: undefined,
      insecureHTTPParser: undefined,
      joinDuplicateHeaders: undefined,
      path: '/v2/bot/message/reply',
      _ended: true,
      res: [IncomingMessage],
      aborted: false,
      timeoutCb: [Function: emitRequestTimeout],
      upgradeOrConnect: false,
      parser: null,
      maxHeadersCount: null,
      reusedSocket: false,
      host: 'api.line.me',
      protocol: 'https:',
      _redirectable: [Writable],
      Symbol(shapeMode): false,
      Symbol(kCapture): false,
      Symbol(kBytesWritten): 0,
      Symbol(kNeedDrain): false,
      Symbol(corked): 0,
      Symbol(kChunkedBuffer): [],
      Symbol(kChunkedLength): 0,
      Symbol(kSocket): [TLSSocket],
      Symbol(kOutHeaders): [Object: null prototype],
      Symbol(errored): null,
      Symbol(kHighWaterMark): 16384,
      Symbol(kRejectNonStandardBodyWrites): false,
      Symbol(kUniqueHeaders): null
    },
    data: { message: 'Invalid reply token' }
  },
  status: 400
}
